../Middlewares/Third_Party/LoRaWAN/Crypto/soft-se.c:313:13:PrintKey	152	static
../Middlewares/Third_Party/LoRaWAN/Crypto/soft-se.c:346:13:PrintIds	88	static
../Middlewares/Third_Party/LoRaWAN/Crypto/soft-se.c:367:30:GetKeyByID	24	static
../Middlewares/Third_Party/LoRaWAN/Crypto/soft-se.c:418:30:ComputeCmac	336	static
../Middlewares/Third_Party/LoRaWAN/Crypto/soft-se.c:576:23:SecureElementInit	16	static
../Middlewares/Third_Party/LoRaWAN/Crypto/soft-se.c:641:23:SecureElementInitMcuID	32	static
../Middlewares/Third_Party/LoRaWAN/Crypto/soft-se.c:680:23:SecureElementGetKeyByID	24	static
../Middlewares/Third_Party/LoRaWAN/Crypto/soft-se.c:741:23:SecureElementPrintKeys	8	static
../Middlewares/Third_Party/LoRaWAN/Crypto/soft-se.c:758:23:SecureElementPrintSessionKeys	16	static
../Middlewares/Third_Party/LoRaWAN/Crypto/soft-se.c:776:23:SecureElementDeleteDynamicKey	16	static
../Middlewares/Third_Party/LoRaWAN/Crypto/soft-se.c:848:23:SecureElementSetObjHandler	16	static
../Middlewares/Third_Party/LoRaWAN/Crypto/soft-se.c:865:23:SecureElementSetKey	40	static
../Middlewares/Third_Party/LoRaWAN/Crypto/soft-se.c:991:23:SecureElementSetID	16	static
../Middlewares/Third_Party/LoRaWAN/Crypto/soft-se.c:1067:23:SecureElementComputeAesCmac	32	static
../Middlewares/Third_Party/LoRaWAN/Crypto/soft-se.c:1079:23:SecureElementVerifyAesCmac	40	static
../Middlewares/Third_Party/LoRaWAN/Crypto/soft-se.c:1148:23:SecureElementAesEncrypt	272	static
../Middlewares/Third_Party/LoRaWAN/Crypto/soft-se.c:1237:23:SecureElementDeriveAndStoreKey	40	static
../Middlewares/Third_Party/LoRaWAN/Crypto/soft-se.c:1327:23:SecureElementProcessJoinAccept	32	static
../Middlewares/Third_Party/LoRaWAN/Crypto/soft-se.c:1426:23:SecureElementRandomNumber	16	static
../Middlewares/Third_Party/LoRaWAN/Crypto/soft-se.c:1437:23:SecureElementSetDevEui	16	static
../Middlewares/Third_Party/LoRaWAN/Crypto/soft-se.c:1462:23:SecureElementGetDevEui	16	static
../Middlewares/Third_Party/LoRaWAN/Crypto/soft-se.c:1486:23:SecureElementSetJoinEui	16	static
../Middlewares/Third_Party/LoRaWAN/Crypto/soft-se.c:1511:23:SecureElementGetJoinEui	16	static
../Middlewares/Third_Party/LoRaWAN/Crypto/soft-se.c:1535:23:SecureElementSetDevAddr	16	static
../Middlewares/Third_Party/LoRaWAN/Crypto/soft-se.c:1580:23:SecureElementGetDevAddr	16	static
