C:/Users/sorawit srisun/Downloads/WioSTM32WLE5-LoRa-GatewayTTN-main (1)/WioSTM32WLE5-LoRa-GatewayTTN-main/Projects/Applications/LoRaWAN/LoRaWAN_End_Node/Core/Src/adc_if.c:184:17:ADC_ReadChannels	32	static
C:/Users/sorawit srisun/Downloads/WioSTM32WLE5-LoRa-GatewayTTN-main (1)/WioSTM32WLE5-LoRa-GatewayTTN-main/Projects/Applications/LoRaWAN/LoRaWAN_End_Node/Core/Src/adc_if.c:80:6:SYS_InitMeasurement	0	static
C:/Users/sorawit srisun/Downloads/WioSTM32WLE5-LoRa-GatewayTTN-main (1)/WioSTM32WLE5-LoRa-GatewayTTN-main/Projects/Applications/LoRaWAN/LoRaWAN_End_Node/Core/Src/adc_if.c:91:6:SYS_DeInitMeasurement	0	static
C:/Users/sorawit srisun/Downloads/WioSTM32WLE5-LoRa-GatewayTTN-main (1)/WioSTM32WLE5-LoRa-GatewayTTN-main/Projects/Applications/LoRaWAN/LoRaWAN_End_Node/Core/Src/adc_if.c:142:10:SYS_GetBatteryLevel	8	static
C:/Users/sorawit srisun/Downloads/WioSTM32WLE5-LoRa-GatewayTTN-main (1)/WioSTM32WLE5-LoRa-GatewayTTN-main/Projects/Applications/LoRaWAN/LoRaWAN_End_Node/Core/Src/adc_if.c:98:9:SYS_GetTemperatureLevel	16	static
