C:/Users/sorawit srisun/Downloads/WioSTM32WLE5-LoRa-GatewayTTN-main (1)/WioSTM32WLE5-LoRa-GatewayTTN-main/Middlewares/Third_Party/LoRaWAN/Crypto/cmac.c:59:6:AES_CMAC_Init	8	static
C:/Users/sorawit srisun/Downloads/WioSTM32WLE5-LoRa-GatewayTTN-main (1)/WioSTM32WLE5-LoRa-GatewayTTN-main/Middlewares/Third_Party/LoRaWAN/Crypto/cmac.c:66:6:AES_CMAC_SetKey	8	static
C:/Users/sorawit srisun/Downloads/WioSTM32WLE5-LoRa-GatewayTTN-main (1)/WioSTM32WLE5-LoRa-GatewayTTN-main/Middlewares/Third_Party/LoRaWAN/Crypto/cmac.c:71:6:AES_CMAC_Update	40	static
C:/Users/sorawit srisun/Downloads/WioSTM32WLE5-LoRa-GatewayTTN-main (1)/WioSTM32WLE5-LoRa-GatewayTTN-main/Middlewares/Third_Party/LoRaWAN/Crypto/cmac.c:109:6:AES_CMAC_Final	48	static
