C:/Users/sorawit srisun/Downloads/WioSTM32WLE5-LoRa-GatewayTTN-main (1)/WioSTM32WLE5-LoRa-GatewayTTN-main/Middlewares/Third_Party/LoRaWAN/Mac/LoRaMacSerializer.c:36:27:LoRaMacSerializerJoinRequest	8	static
C:/Users/sorawit srisun/Downloads/WioSTM32WLE5-LoRa-GatewayTTN-main (1)/WioSTM32WLE5-LoRa-GatewayTTN-main/Middlewares/Third_Party/LoRaWAN/Mac/LoRaMacSerializer.c:72:27:LoRaMacSerializerReJoinType1	8	static
C:/Users/sorawit srisun/Downloads/WioSTM32WLE5-LoRa-GatewayTTN-main (1)/WioSTM32WLE5-LoRa-GatewayTTN-main/Middlewares/Third_Party/LoRaWAN/Mac/LoRaMacSerializer.c:103:27:LoRaMacSerializerReJoinType0or2	8	static
C:/Users/sorawit srisun/Downloads/WioSTM32WLE5-LoRa-GatewayTTN-main (1)/WioSTM32WLE5-LoRa-GatewayTTN-main/Middlewares/Third_Party/LoRaWAN/Mac/LoRaMacSerializer.c:134:27:LoRaMacSerializerData	16	static
