C:/Users/sorawit srisun/STM32Cube/Repository/STM32Cube_FW_WL_V1.3.1/Drivers/STM32WLxx_HAL_Driver/Inc/stm32wlxx_ll_system.h:1880:26:LL_FLASH_GetUDN	4	static
C:/Users/sorawit srisun/STM32Cube/Repository/STM32Cube_FW_WL_V1.3.1/Drivers/STM32WLxx_HAL_Driver/Inc/stm32wlxx_ll_system.h:1890:26:LL_FLASH_GetDeviceID	4	static
C:/Users/sorawit srisun/STM32Cube/Repository/STM32Cube_FW_WL_V1.3.1/Drivers/STM32WLxx_HAL_Driver/Inc/stm32wlxx_ll_system.h:1900:26:LL_FLASH_GetSTCompanyID	4	static
D:/Project GAP/stm-32-project/stm32_LoRa_Mark3/Core/Src/sys_app.c:73:6:SystemApp_Init	4	static
D:/Project GAP/stm-32-project/stm32_LoRa_Mark3/Core/Src/sys_app.c:81:9:GetBatteryLevel	16	static
D:/Project GAP/stm-32-project/stm32_LoRa_Mark3/Core/Src/sys_app.c:92:9:GetTemperatureLevel	16	static
D:/Project GAP/stm-32-project/stm32_LoRa_Mark3/Core/Src/sys_app.c:102:6:GetUniqueId	40	static
D:/Project GAP/stm-32-project/stm32_LoRa_Mark3/Core/Src/sys_app.c:142:6:GetDevAddr	24	static
D:/Project GAP/stm-32-project/stm32_LoRa_Mark3/Core/Src/sys_app.c:178:19:HAL_InitTick	16	static
D:/Project GAP/stm-32-project/stm32_LoRa_Mark3/Core/Src/sys_app.c:197:10:HAL_GetTick	16	static
D:/Project GAP/stm-32-project/stm32_LoRa_Mark3/Core/Src/sys_app.c:229:6:HAL_Delay	16	static
