../Drivers/STM32WLxx_HAL_Driver/Inc/stm32wlxx_ll_rcc.h:1257:22:LL_RCC_LSE_SetDriveCapability	16	static
../Core/Src/main.c:72:5:main	8	static
../Core/Src/main.c:121:6:SystemClock_Config	112	static
../Core/Src/main.c:166:10:Modbus_CRC16	24	static
../Core/Src/main.c:184:6:Build_Modbus_Request	32	static
../Core/Src/main.c:200:6:Decode_TempHumi	40	static
../Core/Src/main.c:217:6:Decode_Light	24	static
../Core/Src/main.c:229:6:Decode_Soil	32	static
../Core/Src/main.c:244:6:TempHumi	16	static
../Core/Src/main.c:260:6:Lihgt	16	static
../Core/Src/main.c:276:6:SoilTempHumi	16	static
../Core/Src/main.c:297:6:Error_Handler	4	static,ignoring_inline_asm
