C:/Users/sorawit srisun/Downloads/WioSTM32WLE5-LoRa-GatewayTTN-main (1)/WioSTM32WLE5-LoRa-GatewayTTN-main/Projects/Applications/LoRaWAN/LoRaWAN_End_Node/Core/Src/adc.c:30:6:MX_ADC_Init	8	static
C:/Users/sorawit srisun/Downloads/WioSTM32WLE5-LoRa-GatewayTTN-main (1)/WioSTM32WLE5-LoRa-GatewayTTN-main/Projects/Applications/LoRaWAN/LoRaWAN_End_Node/Core/Src/adc.c:71:6:HAL_ADC_MspInit	8	static
C:/Users/sorawit srisun/Downloads/WioSTM32WLE5-LoRa-GatewayTTN-main (1)/WioSTM32WLE5-LoRa-GatewayTTN-main/Projects/Applications/LoRaWAN/LoRaWAN_End_Node/Core/Src/adc.c:87:6:HAL_ADC_MspDeInit	0	static
