C:/Users/sorawit srisun/Downloads/WioSTM32WLE5-LoRa-GatewayTTN-main (1)/WioSTM32WLE5-LoRa-GatewayTTN-main/Projects/Applications/LoRaWAN/LoRaWAN_End_Node/Core/Src/main.c:157:6:Error_Handler	0	static,ignoring_inline_asm
C:/Users/sorawit srisun/Downloads/WioSTM32WLE5-LoRa-GatewayTTN-main (1)/WioSTM32WLE5-LoRa-GatewayTTN-main/Projects/Applications/LoRaWAN/LoRaWAN_End_Node/Core/Src/main.c:108:6:SystemClock_Config	112	static
C:/Users/sorawit srisun/Downloads/WioSTM32WLE5-LoRa-GatewayTTN-main (1)/WioSTM32WLE5-LoRa-GatewayTTN-main/Projects/Applications/LoRaWAN/LoRaWAN_End_Node/Core/Src/main.c:64:5:main	8	static
