C:/Users/sorawit srisun/Downloads/WioSTM32WLE5-LoRa-GatewayTTN-main (1)/WioSTM32WLE5-LoRa-GatewayTTN-main/Projects/Applications/LoRaWAN/LoRaWAN_End_Node/Core/Src/sys_debug.c:97:6:DBG_ConfigForLpm	8	static
C:/Users/sorawit srisun/Downloads/WioSTM32WLE5-LoRa-GatewayTTN-main (1)/WioSTM32WLE5-LoRa-GatewayTTN-main/Projects/Applications/LoRaWAN/LoRaWAN_End_Node/Core/Src/sys_debug.c:65:6:DBG_Disable	32	static
C:/Users/sorawit srisun/Downloads/WioSTM32WLE5-LoRa-GatewayTTN-main (1)/WioSTM32WLE5-LoRa-GatewayTTN-main/Projects/Applications/LoRaWAN/LoRaWAN_End_Node/Core/Src/sys_debug.c:133:6:DBG_ProbesInit	0	static
