../Drivers/CMSIS/Include/core_cm4.h:1933:34:__NVIC_SystemReset	4	static,ignoring_inline_asm
../LoRaWAN/App/lora_app.c:216:6:LedAutoOffCallback	16	static
../LoRaWAN/App/lora_app.c:349:6:LoRaWAN_Init	32	static
../LoRaWAN/App/lora_app.c:439:6:HAL_GPIO_EXTI_Callback	16	static
../LoRaWAN/App/lora_app.c:462:13:OnRxData	88	dynamic
../LoRaWAN/App/lora_app.c:567:13:SendTxData	56	static
../LoRaWAN/App/lora_app.c:699:13:OnTxTimerEvent	16	static
../LoRaWAN/App/lora_app.c:714:13:OnTxTimerLedEvent	16	static
../LoRaWAN/App/lora_app.c:721:13:OnRxTimerLedEvent	16	static
../LoRaWAN/App/lora_app.c:728:13:OnJoinTimerLedEvent	16	static
../LoRaWAN/App/lora_app.c:737:13:OnTxData	32	static
../LoRaWAN/App/lora_app.c:768:13:OnJoinRequest	16	static
../LoRaWAN/App/lora_app.c:815:13:OnBeaconStatusChange	96	static
../LoRaWAN/App/lora_app.c:850:13:OnClassChange	24	static
../LoRaWAN/App/lora_app.c:857:13:OnMacProcessNotify	8	static
../LoRaWAN/App/lora_app.c:869:13:OnTxPeriodicityChanged	16	static
../LoRaWAN/App/lora_app.c:891:13:OnTxFrameCtrlChanged	16	static
../LoRaWAN/App/lora_app.c:902:13:OnPingSlotPeriodicityChanged	16	static
../LoRaWAN/App/lora_app.c:913:13:OnSystemReset	8	static
../LoRaWAN/App/lora_app.c:927:13:StopJoin	8	static
../LoRaWAN/App/lora_app.c:967:13:OnStopJoinTimerEvent	16	static
../LoRaWAN/App/lora_app.c:985:13:StoreContext	16	static
../LoRaWAN/App/lora_app.c:1007:13:OnNvmDataChange	16	static
../LoRaWAN/App/lora_app.c:1025:13:OnStoreContextRequest	16	static
../LoRaWAN/App/lora_app.c:1044:13:OnRestoreContextRequest	16	static
