../Drivers/CMSIS/Include/core_cm4.h:2059:26:ITM_SendChar	16	static,ignoring_inline_asm
../Drivers/STM32WLxx_HAL_Driver/Inc/stm32wlxx_ll_bus.h:449:22:LL_AHB2_GRP1_EnableClock	24	static
../Core/Src/main.c:81:5:main	8	static
../Core/Src/main.c:130:6:SystemClock_Config	112	static
../Core/Src/main.c:172:13:MX_USART1_UART_Init	8	static
../Core/Src/main.c:220:13:MX_USART2_UART_Init	8	static
../Core/Src/main.c:268:13:MX_GPIO_Init	32	static
../Core/Src/main.c:308:5:_write	32	static
../Core/Src/main.c:315:10:Modbus_CRC16	24	static
../Core/Src/main.c:333:6:Build_Modbus_Request	32	static
../Core/Src/main.c:349:6:Decode_TempHumi	40	static
../Core/Src/main.c:366:6:Decode_Light	24	static
../Core/Src/main.c:378:6:Decode_Soil	32	static
../Core/Src/main.c:393:6:TempHumi	16	static
../Core/Src/main.c:413:6:Light	16	static
../Core/Src/main.c:434:6:SoilTempHumi	16	static
../Core/Src/main.c:461:6:Error_Handler	4	static,ignoring_inline_asm
