../Drivers/CMSIS/Include/core_cm4.h:2059:26:ITM_SendChar	16	static,ignoring_inline_asm
../Drivers/STM32WLxx_HAL_Driver/Inc/stm32wlxx_ll_bus.h:449:22:LL_AHB2_GRP1_EnableClock	24	static
../Core/Src/main.c:76:5:main	8	static
../Core/Src/main.c:125:6:SystemClock_Config	112	static
../Core/Src/main.c:167:13:MX_USART1_UART_Init	8	static
../Core/Src/main.c:215:13:MX_USART2_UART_Init	8	static
../Core/Src/main.c:263:13:MX_GPIO_Init	32	static
../Core/Src/main.c:303:5:_write	32	static
../Core/Src/main.c:310:10:Modbus_CRC16	24	static
../Core/Src/main.c:328:6:Build_Modbus_Request	32	static
../Core/Src/main.c:344:6:Decode_TempHumi	40	static
../Core/Src/main.c:361:6:Decode_Light	24	static
../Core/Src/main.c:373:6:Decode_Soil	32	static
../Core/Src/main.c:388:6:TempHumi	16	static
../Core/Src/main.c:404:6:Lihgt	16	static
../Core/Src/main.c:420:6:SoilTempHumi	16	static
../Core/Src/main.c:441:6:Error_Handler	4	static,ignoring_inline_asm
