../Drivers/CMSIS/Include/core_cm4.h:1933:34:__NVIC_SystemReset	4	static,ignoring_inline_asm
../LoRaWAN/App/lora_app.c:342:6:LoRaWAN_Init	32	static
../LoRaWAN/App/lora_app.c:432:6:HAL_GPIO_EXTI_Callback	16	static
../LoRaWAN/App/lora_app.c:455:13:OnRxData	80	dynamic
../LoRaWAN/App/lora_app.c:535:13:SendTxData	80	static
../LoRaWAN/App/lora_app.c:648:13:OnTxTimerEvent	16	static
../LoRaWAN/App/lora_app.c:663:13:OnTxTimerLedEvent	16	static
../LoRaWAN/App/lora_app.c:670:13:OnRxTimerLedEvent	16	static
../LoRaWAN/App/lora_app.c:677:13:OnJoinTimerLedEvent	16	static
../LoRaWAN/App/lora_app.c:686:13:OnTxData	32	static
../LoRaWAN/App/lora_app.c:717:13:OnJoinRequest	16	static
../LoRaWAN/App/lora_app.c:764:13:OnBeaconStatusChange	96	static
../LoRaWAN/App/lora_app.c:799:13:OnClassChange	24	static
../LoRaWAN/App/lora_app.c:806:13:OnMacProcessNotify	8	static
../LoRaWAN/App/lora_app.c:818:13:OnTxPeriodicityChanged	16	static
../LoRaWAN/App/lora_app.c:840:13:OnTxFrameCtrlChanged	16	static
../LoRaWAN/App/lora_app.c:851:13:OnPingSlotPeriodicityChanged	16	static
../LoRaWAN/App/lora_app.c:862:13:OnSystemReset	8	static
../LoRaWAN/App/lora_app.c:876:13:StopJoin	8	static
../LoRaWAN/App/lora_app.c:916:13:OnStopJoinTimerEvent	16	static
../LoRaWAN/App/lora_app.c:934:13:StoreContext	16	static
../LoRaWAN/App/lora_app.c:956:13:OnNvmDataChange	16	static
../LoRaWAN/App/lora_app.c:974:13:OnStoreContextRequest	16	static
../LoRaWAN/App/lora_app.c:993:13:OnRestoreContextRequest	16	static
