../Drivers/CMSIS/Include/core_cm4.h:2059:26:ITM_SendChar	16	static,ignoring_inline_asm
../Drivers/STM32WLxx_HAL_Driver/Inc/stm32wlxx_ll_bus.h:449:22:LL_AHB2_GRP1_EnableClock	24	static
../Core/Src/main.c:79:5:main	48	static
../Core/Src/main.c:153:6:SystemClock_Config	112	static
../Core/Src/main.c:195:13:MX_USART1_UART_Init	8	static
../Core/Src/main.c:243:13:MX_USART2_UART_Init	8	static
../Core/Src/main.c:291:13:MX_GPIO_Init	32	static
../Core/Src/main.c:328:5:_write	32	static
../Core/Src/main.c:335:10:Modbus_CRC16	24	static
../Core/Src/main.c:353:6:Build_Modbus_Request	32	static
../Core/Src/main.c:369:6:HAL_UART_RxCpltCallback	16	static
../Core/Src/main.c:393:6:Decode_TempHumi	40	static
../Core/Src/main.c:410:6:Decode_Light	24	static
../Core/Src/main.c:422:6:TempHumi	16	static
../Core/Src/main.c:438:6:Lihgt	16	static
../Core/Src/main.c:459:6:Error_Handler	4	static,ignoring_inline_asm
